warning: Patch `secp256k1-sys v0.9.3 (/workspaces/boiler/secp256k1-sys)` was not used in the crate graph.
Check that the patched package version and available features are compatible
with the dependency requirements. If the patch has a different version from
what is locked in the Cargo.lock file, run `cargo update` to use the new
version. This may also occur with an optional dependency that is not enabled.
warning: unused imports: `FieldsNamed` and `LitInt`
 --> src/proc_macros/src/lib.rs:4:62
  |
4 |     parse_macro_input, Attribute, Data, DeriveInput, Fields, FieldsNamed, Ident, Lit, LitInt, Meta,
  |                                                              ^^^^^^^^^^^              ^^^^^^
  |
  = note: `#[warn(unused_imports)]` on by default

warning: `alkanes_proc_macros` (lib) generated 1 warning (run `cargo fix --lib -p alkanes_proc_macros` to apply 1 suggestion)
warning: unused import: `crate::utils::Conversion`
 --> src/message.rs:2:5
  |
2 | use crate::utils::Conversion;
  |     ^^^^^^^^^^^^^^^^^^^^^^^^
  |
  = note: `#[warn(unused_imports)]` on by default

warning: unused import: `alkanes_support::response::CallResponse`
 --> src/message.rs:4:5
  |
4 | use alkanes_support::response::CallResponse;
  |     ^^^^^^^^^^^^^^^^^^^^^^^^^^^^^^^^^^^^^^^

warning: unused import: `metashrew_support::compat::to_arraybuffer_layout`
  --> src/lib.rs:39:5
   |
39 | use metashrew_support::compat::to_arraybuffer_layout;
   |     ^^^^^^^^^^^^^^^^^^^^^^^^^^^^^^^^^^^^^^^^^^^^^^^^

warning: unused variable: `tx_hash`
   --> src/lib.rs:191:9
    |
191 |         tx_hash: String,
    |         ^^^^^^^ help: if this is intentional, prefix it with an underscore: `_tx_hash`
    |
    = note: `#[warn(unused_variables)]` on by default

warning: unused variable: `caller`
   --> src/lib.rs:192:9
    |
192 |         caller: String,
    |         ^^^^^^ help: if this is intentional, prefix it with an underscore: `_caller`

warning: unused variable: `receiver`
   --> src/lib.rs:193:9
    |
193 |         receiver: String,
    |         ^^^^^^^^ help: if this is intentional, prefix it with an underscore: `_receiver`

warning: unused variable: `assets`
   --> src/lib.rs:194:9
    |
194 |         assets: u128
    |         ^^^^^^ help: if this is intentional, prefix it with an underscore: `_assets`

warning: unused variable: `tx_hash`
   --> src/lib.rs:205:9
    |
205 |         tx_hash: String,
    |         ^^^^^^^ help: if this is intentional, prefix it with an underscore: `_tx_hash`

warning: unused variable: `caller`
   --> src/lib.rs:206:9
    |
206 |         caller: String,
    |         ^^^^^^ help: if this is intentional, prefix it with an underscore: `_caller`

warning: unused variable: `receiver`
   --> src/lib.rs:207:9
    |
207 |         receiver: String,
    |         ^^^^^^^^ help: if this is intentional, prefix it with an underscore: `_receiver`

warning: unused variable: `shares`
   --> src/lib.rs:208:9
    |
208 |         shares: u128
    |         ^^^^^^ help: if this is intentional, prefix it with an underscore: `_shares`

warning: unused variable: `tx_hash`
   --> src/lib.rs:219:9
    |
219 |         tx_hash: String,
    |         ^^^^^^^ help: if this is intentional, prefix it with an underscore: `_tx_hash`

warning: unused variable: `caller`
   --> src/lib.rs:220:9
    |
220 |         caller: String,
    |         ^^^^^^ help: if this is intentional, prefix it with an underscore: `_caller`

warning: unused variable: `receiver`
   --> src/lib.rs:221:9
    |
221 |         receiver: String,
    |         ^^^^^^^^ help: if this is intentional, prefix it with an underscore: `_receiver`

warning: unused variable: `owner`
   --> src/lib.rs:222:9
    |
222 |         owner: String,
    |         ^^^^^ help: if this is intentional, prefix it with an underscore: `_owner`

warning: unused variable: `assets`
   --> src/lib.rs:223:9
    |
223 |         assets: u128
    |         ^^^^^^ help: if this is intentional, prefix it with an underscore: `_assets`

warning: unused variable: `tx_hash`
   --> src/lib.rs:234:9
    |
234 |         tx_hash: String,
    |         ^^^^^^^ help: if this is intentional, prefix it with an underscore: `_tx_hash`

warning: unused variable: `caller`
   --> src/lib.rs:235:9
    |
235 |         caller: String,
    |         ^^^^^^ help: if this is intentional, prefix it with an underscore: `_caller`

warning: unused variable: `receiver`
   --> src/lib.rs:236:9
    |
236 |         receiver: String,
    |         ^^^^^^^^ help: if this is intentional, prefix it with an underscore: `_receiver`

warning: unused variable: `owner`
   --> src/lib.rs:237:9
    |
237 |         owner: String,
    |         ^^^^^ help: if this is intentional, prefix it with an underscore: `_owner`

warning: unused variable: `shares`
   --> src/lib.rs:238:9
    |
238 |         shares: u128
    |         ^^^^^^ help: if this is intentional, prefix it with an underscore: `_shares`

warning: `yield-vault` (lib) generated 21 warnings (run `cargo fix --lib -p yield-vault` to apply 3 suggestions)
   Compiling yield-vault v0.1.0 (/workspaces/boiler)
warning: unused import: `alkanes_proc_macros::declare_alkane`
 --> src/bin/test_declare_alkane.rs:2:5
  |
2 | use alkanes_proc_macros::declare_alkane;
  |     ^^^^^^^^^^^^^^^^^^^^^^^^^^^^^^^^^^^
  |
  = note: `#[warn(unused_imports)]` on by default

warning: `yield-vault` (bin "test_declare_alkane") generated 1 warning (run `cargo fix --bin "test_declare_alkane"` to apply 1 suggestion)
warning: unused import: `Conversion`
 --> tests/inflation_attack_protection_tests.rs:7:76
  |
7 | use yield_vault::utils::{VIRTUAL_SHARES, VIRTUAL_ASSETS, PRECISION_OFFSET, Conversion};
  |                                                                            ^^^^^^^^^^
  |
  = note: `#[warn(unused_imports)]` on by default

warning: variable does not need to be mutable
  --> tests/inflation_attack_protection_tests.rs:12:9
   |
12 |     let mut vault = MockYieldVault::default();
   |         ----^^^^^
   |         |
   |         help: remove this `mut`
   |
   = note: `#[warn(unused_mut)]` on by default

warning: variable does not need to be mutable
  --> tests/inflation_attack_protection_tests.rs:84:9
   |
84 |     let mut vault = MockYieldVault::default();
   |         ----^^^^^
   |         |
   |         help: remove this `mut`

warning: variable does not need to be mutable
   --> tests/inflation_attack_protection_tests.rs:113:9
    |
113 |     let mut vault = MockYieldVault::default();
    |         ----^^^^^
    |         |
    |         help: remove this `mut`

warning: variable does not need to be mutable
   --> tests/inflation_attack_protection_tests.rs:173:9
    |
173 |     let mut vault = MockYieldVault::default();
    |         ----^^^^^
    |         |
    |         help: remove this `mut`

